FAIL src/lib/__tests__/utils.test.js
  ● Test suite failed to run

    ReferenceError: TextEncoder is not defined

    [0m [90m 28 |[39m     [36mconst[39m day [33m=[39m [33mString[39m(date[33m.[39mgetDate())[33m.[39mpadStart([35m2[39m[33m,[39m [32m"0"[39m)[33m;[39m
     [90m 29 |[39m     [36mconst[39m month [33m=[39m [33mString[39m(date[33m.[39mgetMonth() [33m+[39m [35m1[39m)[33m.[39mpadStart([35m2[39m[33m,[39m [32m"0"[39m)[33m;[39m
    [31m[1m>[22m[39m[90m 30 |[39m     [36mconst[39m year [33m=[39m date[33m.[39mgetFullYear()[33m;[39m
     [90m    |[39m                [31m[1m^[22m[39m
     [90m 31 |[39m     [36mreturn[39m [32m`${day}-${month}-${year}`[39m[33m;[39m
     [90m 32 |[39m   } [36mcatch[39m (error) {
     [90m 33 |[39m     logger[33m.[39merror([32m"Error formatting date:"[39m[33m,[39m error)[33m;[39m[0m

      at Object.<anonymous> (node_modules/iobuffer/src/text.ts:6:17)
      at Object.<anonymous> (node_modules/iobuffer/src/IOBuffer.ts:1:1)
      at Object.<anonymous> (node_modules/fast-png/src/PngDecoder.ts:1:1)
      at Object.<anonymous> (node_modules/fast-png/src/index.ts:1:1)
      at Object.<anonymous> (node_modules/jspdf/dist/jspdf.node.min.js:51:82)
      at Object.<anonymous> (src/lib/utils.js:30:16)
      at Object.<anonymous> (src/lib/__tests__/utils.test.js:5:16)

Test Suites: 1 failed, 1 total
Tests:       0 total
Snapshots:   0 total
Time:        1.181 s
Ran all test suites matching src/lib/__tests__/utils.test.js.
